Training the frozen predictor (unchanged recipe)...
Frozen predictor: threshold=0.990, n_features=200, val onset events=5
Instability cutoff (99th pct of clean training instability): 5.3533

=== Condition: clean ===
  A_DIRECT               unsafe_rate=0.1133%  coverage=1.0000  missed=0.80 (4/5)  false/day=0.66  abstain/escalate=0.0000%
  B_HYBRID               unsafe_rate=0.1208%  coverage=1.0000  missed=0.80 (4/5)  false/day=0.26  abstain/escalate=0.0000%
  C_RELIABILITY_AWARE    unsafe_rate=0.1038%  coverage=0.8658  missed=0.80 (4/5)  false/day=0.26  abstain/escalate=13.4164%

=== Condition: missing_sensor_subset ===
  A_DIRECT               unsafe_rate=0.1000%  coverage=1.0000  missed=0.60 (3/5)  false/day=9.59  abstain/escalate=0.0000%
  B_HYBRID               unsafe_rate=0.1227%  coverage=1.0000  missed=1.00 (5/5)  false/day=8.21  abstain/escalate=0.0000%
  C_RELIABILITY_AWARE    unsafe_rate=0.0000%  coverage=0.0000  missed=1.00 (5/5)  false/day=8.21  abstain/escalate=100.0000%

=== Condition: additive_noise ===
  A_DIRECT               unsafe_rate=0.0887%  coverage=1.0000  missed=0.00 (0/5)  false/day=46.42  abstain/escalate=0.0000%
  B_HYBRID               unsafe_rate=0.1133%  coverage=1.0000  missed=0.20 (1/5)  false/day=16.98  abstain/escalate=0.0000%
  C_RELIABILITY_AWARE    unsafe_rate=0.1057%  coverage=0.8334  missed=0.20 (1/5)  false/day=16.98  abstain/escalate=16.6572%

=== Condition: conflicting_evidence ===
  A_DIRECT               unsafe_rate=0.1076%  coverage=1.0000  missed=0.60 (3/5)  false/day=1.46  abstain/escalate=0.0000%
  B_HYBRID               unsafe_rate=0.1189%  coverage=1.0000  missed=0.80 (4/5)  false/day=0.51  abstain/escalate=0.0000%
  C_RELIABILITY_AWARE    unsafe_rate=0.1019%  coverage=0.8658  missed=0.80 (4/5)  false/day=0.51  abstain/escalate=13.4183%

=== Condition: sensor_dropout ===
  A_DIRECT               unsafe_rate=0.1114%  coverage=1.0000  missed=0.60 (3/5)  false/day=21.00  abstain/escalate=0.0000%
  B_HYBRID               unsafe_rate=0.1208%  coverage=1.0000  missed=0.80 (4/5)  false/day=5.83  abstain/escalate=0.0000%
  C_RELIABILITY_AWARE    unsafe_rate=0.1057%  coverage=0.8704  missed=0.80 (4/5)  false/day=5.83  abstain/escalate=12.9558%

=== Full results table ===
            condition              system  unsafe_rate  coverage  missed_event_rate  n_missed  n_events  false_per_day  abst_esc_rate
                clean            A_DIRECT     0.001133  1.000000                0.8         4         5       0.663206       0.000000
                clean            B_HYBRID     0.001208  1.000000                0.8         4         5       0.260934       0.000000
                clean C_RELIABILITY_AWARE     0.001038  0.865836                0.8         4         5       0.260934       0.134164
missing_sensor_subset            A_DIRECT     0.001000  1.000000                0.6         3         5       9.589309       0.000000
missing_sensor_subset            B_HYBRID     0.001227  1.000000                1.0         5         5       8.213972       0.000000
missing_sensor_subset C_RELIABILITY_AWARE     0.000000  0.000000                1.0         5         5       8.213972       1.000000
       additive_noise            A_DIRECT     0.000887  1.000000                0.0         0         5      46.418996       0.000000
       additive_noise            B_HYBRID     0.001133  1.000000                0.2         1         5      16.976991       0.000000
       additive_noise C_RELIABILITY_AWARE     0.001057  0.833428                0.2         1         5      16.976991       0.166572
 conflicting_evidence            A_DIRECT     0.001076  1.000000                0.6         3         5       1.462315       0.000000
 conflicting_evidence            B_HYBRID     0.001189  1.000000                0.8         4         5       0.505559       0.000000
 conflicting_evidence C_RELIABILITY_AWARE     0.001019  0.865817                0.8         4         5       0.505559       0.134183
       sensor_dropout            A_DIRECT     0.001114  1.000000                0.6         3         5      20.999717       0.000000
       sensor_dropout            B_HYBRID     0.001208  1.000000                0.8         4         5       5.827517       0.000000
       sensor_dropout C_RELIABILITY_AWARE     0.001057  0.870442                0.8         4         5       5.827517       0.129558
